test log entry Sun Sep  7 21:04:29 UTC 2025
